{
  data: {
    complexInputQuery: null
  },
  errors: [
    {
      message: 'Inner.Content: \'Content\' must not be empty.'
    },
    {
      message: 'Items: \'Items\' must not be empty.'
    }
  ]
}