{
  data: {
    complexInputQuery: null
  },
  errors: [
    {
      message: 'Inner: \'Inner\' must not be empty.'
    }
  ]
}