{
  "data": {
    "asyncQuery": null
  },
  "errors": [
    {
      "message": "The specified condition was not met for 'Content'."
    }
  ]
}