{
  data: {
    asyncComplexInputQuery: null
  },
  errors: [
    {
      message: 'Inner: Inner async test failed msg.'
    },
    {
      message: 'Inner.Content: \'Content\' must not be empty.'
    }
  ]
}