{
  "data": {
    "inputQuery": null
  },
  "errors": [
    {
      "message": "'Content' must not be empty."
    }
  ]
}