'Validation failed: \r\n -- Content: \'Content\' must not be empty.'